<?xml version="1.0" encoding="UTF-8"?>
<logger class="org.jpos.util.DailyLogListener">
<log realm="rotate-log-listener" at="2024-05-14T11:13:33.270964">
   maxage feature is disabled.
</log>
<log realm="postbridge-channel/172.26.42.206:15155" at="2024-05-14T11:13:41.647535" lifespan="75014ms">
  <connect>
    Try 0 172.26.42.206:15155
      Operation timed out
    Unable to connect
  </connect>
</log>
<log realm="com.lovisgod.tranctiontest.services.myQbean" at="2024-05-14T11:14:17.748250">
  <info>
    mux.isConnected {}
    false
  </info>
</log>
<log realm="com.lovisgod.tranctiontest.services.myQbean" at="2024-05-14T11:14:47.839594" lifespan="2ms">
  <info>
    mux.isConnected {}
    false
  </info>
</log>
<log realm="postbridge-channel/172.26.42.206:15155" at="2024-05-14T11:15:06.676503" lifespan="75014ms">
  <connect>
    Try 0 172.26.42.206:15155
      Operation timed out
    Unable to connect
  </connect>
</log>
<log realm="postbridge-channel/172.26.42.206:15155" at="2024-05-14T11:16:31.708138" lifespan="75019ms">
  <connect>
    Try 0 172.26.42.206:15155
      Operation timed out
    Unable to connect
  </connect>
</log>
<log realm="postbridge-channel/172.26.42.206:15155" at="2024-05-14T11:17:56.722593" lifespan="75006ms">
  <connect>
    Try 0 172.26.42.206:15155
      Operation timed out
    Unable to connect
  </connect>
</log>
<log realm="postbridge-channel/172.26.42.206:15155" at="2024-05-14T11:19:21.753132" lifespan="75021ms">
  <connect>
    Try 0 172.26.42.206:15155
      Operation timed out
    Unable to connect
  </connect>
</log>
<log realm="com.lovisgod.tranctiontest.services.myQbean" at="2024-05-14T11:19:47.856465">
  <info>
    mux.isConnected {}
    false
  </info>
</log>
<log realm="com.lovisgod.tranctiontest.services.myQbean" at="2024-05-14T11:20:17.933686">
  <info>
    mux.isConnected {}
    false
  </info>
</log>
<log realm="postbridge-channel/172.26.42.206:15155" at="2024-05-14T11:20:46.781928" lifespan="75014ms">
  <connect>
    Try 0 172.26.42.206:15155
      Operation timed out
    Unable to connect
  </connect>
</log>
<log realm="postbridge-channel/172.26.42.206:15155" at="2024-05-14T11:22:11.819707" lifespan="75022ms">
  <connect>
    Try 0 172.26.42.206:15155
      Operation timed out
    Unable to connect
  </connect>
</log>
<log realm="postbridge-channel/172.26.42.206:15155" at="2024-05-14T11:23:36.842557" lifespan="75007ms">
  <connect>
    Try 0 172.26.42.206:15155
      Operation timed out
    Unable to connect
  </connect>
</log>
<log realm="postbridge-channel/172.26.42.206:15155" at="2024-05-14T11:25:01.872806" lifespan="75019ms">
  <connect>
    Try 0 172.26.42.206:15155
      Operation timed out
    Unable to connect
  </connect>
</log>
<log realm="com.lovisgod.tranctiontest.services.myQbean" at="2024-05-14T11:25:17.947166">
  <info>
    mux.isConnected {}
    false
  </info>
</log>
<log realm="com.lovisgod.tranctiontest.services.myQbean" at="2024-05-14T11:25:48.032488">
  <info>
    mux.isConnected {}
    false
  </info>
</log>
<log realm="postbridge-channel/172.26.42.206:15155" at="2024-05-14T11:26:26.885637" lifespan="75008ms">
  <connect>
    Try 0 172.26.42.206:15155
      Operation timed out
    Unable to connect
  </connect>
</log>
<log realm="postbridge-channel/172.26.42.206:15155" at="2024-05-14T11:27:51.915044" lifespan="75016ms">
  <connect>
    Try 0 172.26.42.206:15155
      Operation timed out
    Unable to connect
  </connect>
</log>
<log realm="postbridge-channel/172.26.42.206:15155" at="2024-05-14T11:29:16.930425" lifespan="75007ms">
  <connect>
    Try 0 172.26.42.206:15155
      Operation timed out
    Unable to connect
  </connect>
</log>
<log realm="postbridge-channel/172.26.42.206:15155" at="2024-05-14T11:30:41.961295" lifespan="75015ms">
  <connect>
    Try 0 172.26.42.206:15155
      Operation timed out
    Unable to connect
  </connect>
</log>
<log realm="com.lovisgod.tranctiontest.services.myQbean" at="2024-05-14T11:30:48.042638">
  <info>
    mux.isConnected {}
    false
  </info>
</log>
<log realm="com.lovisgod.tranctiontest.services.myQbean" at="2024-05-14T11:31:18.086373">
  <info>
    mux.isConnected {}
    false
  </info>
</log>
<log realm="postbridge-channel/172.26.42.206:15155" at="2024-05-14T11:32:07.002443" lifespan="75028ms">
  <connect>
    Try 0 172.26.42.206:15155
      Operation timed out
    Unable to connect
  </connect>
</log>
<log realm="postbridge-channel/172.26.42.206:15155" at="2024-05-14T11:33:32.032492" lifespan="75015ms">
  <connect>
    Try 0 172.26.42.206:15155
      Operation timed out
    Unable to connect
  </connect>
</log>
<log realm="postbridge-channel/172.26.42.206:15155" at="2024-05-14T11:34:57.075309" lifespan="75030ms">
  <connect>
    Try 0 172.26.42.206:15155
      Operation timed out
    Unable to connect
  </connect>
</log>
<log realm="com.lovisgod.tranctiontest.services.myQbean" at="2024-05-14T11:36:18.105320" lifespan="11ms">
  <info>
    mux.isConnected {}
    false
  </info>
</log>
<log realm="postbridge-channel/172.26.42.206:15155" at="2024-05-14T11:36:22.097447" lifespan="75011ms">
  <connect>
    Try 0 172.26.42.206:15155
      Operation timed out
    Unable to connect
  </connect>
</log>
<log realm="com.lovisgod.tranctiontest.services.myQbean" at="2024-05-14T11:36:48.147695">
  <info>
    mux.isConnected {}
    false
  </info>
</log>
<log realm="postbridge-channel/172.26.42.206:15155" at="2024-05-14T11:37:47.122940" lifespan="75011ms">
  <connect>
    Try 0 172.26.42.206:15155
      Operation timed out
    Unable to connect
  </connect>
</log>
<log realm="postbridge-channel/172.26.42.206:15155" at="2024-05-14T11:39:12.146405" lifespan="75013ms">
  <connect>
    Try 0 172.26.42.206:15155
      Operation timed out
    Unable to connect
  </connect>
</log>
<log realm="postbridge-channel/172.26.42.206:15155" at="2024-05-14T11:40:37.204141" lifespan="75039ms">
  <connect>
    Try 0 172.26.42.206:15155
      Operation timed out
    Unable to connect
  </connect>
</log>
<log realm="com.lovisgod.tranctiontest.services.myQbean" at="2024-05-14T11:41:48.181584" lifespan="2ms">
  <info>
    mux.isConnected {}
    false
  </info>
</log>
<log realm="postbridge-channel/172.26.42.206:15155" at="2024-05-14T11:42:02.252677" lifespan="75035ms">
  <connect>
    Try 0 172.26.42.206:15155
      Operation timed out
    Unable to connect
  </connect>
</log>
<log realm="com.lovisgod.tranctiontest.services.myQbean" at="2024-05-14T11:42:18.291685">
  <info>
    mux.isConnected {}
    false
  </info>
</log>
<log realm="postbridge-channel/172.26.42.206:15155" at="2024-05-14T11:43:27.279297" lifespan="75017ms">
  <connect>
    Try 0 172.26.42.206:15155
      Operation timed out
    Unable to connect
  </connect>
</log>
<log realm="postbridge-channel/172.26.42.206:15155" at="2024-05-14T11:44:52.319351" lifespan="75025ms">
  <connect>
    Try 0 172.26.42.206:15155
      Operation timed out
    Unable to connect
  </connect>
</log>
<log realm="postbridge-channel/172.26.42.206:15155" at="2024-05-14T11:46:17.358922" lifespan="75014ms">
  <connect>
    Try 0 172.26.42.206:15155
      Operation timed out
    Unable to connect
  </connect>
</log>
<log realm="com.lovisgod.tranctiontest.services.myQbean" at="2024-05-14T11:47:18.347157" lifespan="1ms">
  <info>
    mux.isConnected {}
    false
  </info>
</log>
<log realm="postbridge-channel/172.26.42.206:15155" at="2024-05-14T11:47:42.379221" lifespan="75012ms">
  <connect>
    Try 0 172.26.42.206:15155
      Operation timed out
    Unable to connect
  </connect>
</log>
<log realm="com.lovisgod.tranctiontest.services.myQbean" at="2024-05-14T11:47:48.440626">
  <info>
    mux.isConnected {}
    false
  </info>
</log>
<log realm="postbridge-channel/172.26.42.206:15155" at="2024-05-14T11:49:07.408388" lifespan="75009ms">
  <connect>
    Try 0 172.26.42.206:15155
      Operation timed out
    Unable to connect
  </connect>
</log>
<log realm="postbridge-channel/172.26.42.206:15155" at="2024-05-14T11:50:32.435275" lifespan="75014ms">
  <connect>
    Try 0 172.26.42.206:15155
      Operation timed out
    Unable to connect
  </connect>
</log>
<log realm="postbridge-channel/172.26.42.206:15155" at="2024-05-14T11:51:57.451811" lifespan="75006ms">
  <connect>
    Try 0 172.26.42.206:15155
      Operation timed out
    Unable to connect
  </connect>
</log>
<log realm="com.lovisgod.tranctiontest.services.myQbean" at="2024-05-14T11:52:48.459936" lifespan="1ms">
  <info>
    mux.isConnected {}
    false
  </info>
</log>
<log realm="com.lovisgod.tranctiontest.services.myQbean" at="2024-05-14T11:53:18.517029">
  <info>
    mux.isConnected {}
    false
  </info>
</log>
<log realm="postbridge-channel/172.26.42.206:15155" at="2024-05-14T11:53:22.494380" lifespan="75017ms">
  <connect>
    Try 0 172.26.42.206:15155
      Operation timed out
    Unable to connect
  </connect>
</log>
<log realm="postbridge-channel/172.26.42.206:15155" at="2024-05-14T11:54:47.525227" lifespan="75021ms">
  <connect>
    Try 0 172.26.42.206:15155
      Operation timed out
    Unable to connect
  </connect>
</log>
<log realm="postbridge-channel/172.26.42.206:15155" at="2024-05-14T11:56:12.543211" lifespan="75007ms">
  <connect>
    Try 0 172.26.42.206:15155
      Operation timed out
    Unable to connect
  </connect>
</log>
<log realm="postbridge-channel/172.26.42.206:15155" at="2024-05-14T11:57:37.585063" lifespan="75025ms">
  <connect>
    Try 0 172.26.42.206:15155
      Operation timed out
    Unable to connect
  </connect>
</log>
<log realm="com.lovisgod.tranctiontest.services.myQbean" at="2024-05-14T11:58:18.536260" lifespan="1ms">
  <info>
    mux.isConnected {}
    false
  </info>
</log>
<log realm="com.lovisgod.tranctiontest.services.myQbean" at="2024-05-14T11:58:48.640945" lifespan="6ms">
  <info>
    mux.isConnected {}
    false
  </info>
</log>
<log realm="postbridge-channel/172.26.42.206:15155" at="2024-05-14T11:59:02.620836" lifespan="75032ms">
  <connect>
    Try 0 172.26.42.206:15155
      Operation timed out
    Unable to connect
  </connect>
</log>
<log realm="postbridge-channel/172.26.42.206:15155" at="2024-05-14T12:00:27.680667" lifespan="75046ms">
  <connect>
    Try 0 172.26.42.206:15155
      Operation timed out
    Unable to connect
  </connect>
</log>
<log realm="postbridge-channel/172.26.42.206:15155" at="2024-05-14T12:01:52.719955" lifespan="75031ms">
  <connect>
    Try 0 172.26.42.206:15155
      Operation timed out
    Unable to connect
  </connect>
</log>
<log realm="postbridge-channel/172.26.42.206:15155" at="2024-05-14T12:03:17.766472" lifespan="75035ms">
  <connect>
    Try 0 172.26.42.206:15155
      Operation timed out
    Unable to connect
  </connect>
</log>
<log realm="com.lovisgod.tranctiontest.services.myQbean" at="2024-05-14T12:03:48.672160">
  <info>
    mux.isConnected {}
    false
  </info>
</log>
<log realm="com.lovisgod.tranctiontest.services.myQbean" at="2024-05-14T12:04:18.750637">
  <info>
    mux.isConnected {}
    false
  </info>
</log>
<log realm="postbridge-channel/172.26.42.206:15155" at="2024-05-14T12:04:42.799780" lifespan="75023ms">
  <connect>
    Try 0 172.26.42.206:15155
      Operation timed out
    Unable to connect
  </connect>
</log>
<log realm="postbridge-channel/172.26.42.206:15155" at="2024-05-14T12:06:07.829494" lifespan="75008ms">
  <connect>
    Try 0 172.26.42.206:15155
      Operation timed out
    Unable to connect
  </connect>
</log>
<log realm="postbridge-channel/172.26.42.206:15155" at="2024-05-14T12:07:33.031075" lifespan="75179ms">
  <connect>
    Try 0 172.26.42.206:15155
      Operation timed out
    Unable to connect
  </connect>
</log>
<log realm="postbridge-channel/172.26.42.206:15155" at="2024-05-14T12:08:58.106084" lifespan="75030ms">
  <connect>
    Try 0 172.26.42.206:15155
      Operation timed out
    Unable to connect
  </connect>
</log>
<log realm="com.lovisgod.tranctiontest.services.myQbean" at="2024-05-14T12:09:18.766293">
  <info>
    mux.isConnected {}
    false
  </info>
</log>
<log realm="com.lovisgod.tranctiontest.services.myQbean" at="2024-05-14T12:09:48.855979">
  <info>
    mux.isConnected {}
    false
  </info>
</log>
<log realm="postbridge-channel/172.26.42.206:15155" at="2024-05-14T12:10:23.148823" lifespan="75028ms">
  <connect>
    Try 0 172.26.42.206:15155
      Operation timed out
    Unable to connect
  </connect>
</log>
<log realm="postbridge-channel/172.26.42.206:15155" at="2024-05-14T12:11:48.214544" lifespan="75054ms">
  <connect>
    Try 0 172.26.42.206:15155
      Operation timed out
    Unable to connect
  </connect>
</log>
<log realm="postbridge-channel/172.26.42.206:15155" at="2024-05-14T12:13:13.249564" lifespan="75018ms">
  <connect>
    Try 0 172.26.42.206:15155
      Operation timed out
    Unable to connect
  </connect>
</log>
<log realm="postbridge-channel/172.26.42.206:15155" at="2024-05-14T12:14:38.319535" lifespan="75060ms">
  <connect>
    Try 0 172.26.42.206:15155
      Operation timed out
    Unable to connect
  </connect>
</log>
<log realm="com.lovisgod.tranctiontest.services.myQbean" at="2024-05-14T12:14:48.892164">
  <info>
    mux.isConnected {}
    false
  </info>
</log>
<log realm="com.lovisgod.tranctiontest.services.myQbean" at="2024-05-14T12:15:19.037764">
  <info>
    mux.isConnected {}
    false
  </info>
</log>
<log realm="postbridge-channel/172.26.42.206:15155" at="2024-05-14T12:16:03.370487" lifespan="75043ms">
  <connect>
    Try 0 172.26.42.206:15155
      Operation timed out
    Unable to connect
  </connect>
</log>
<log realm="postbridge-channel/172.26.42.206:15155" at="2024-05-14T12:17:28.407455" lifespan="75020ms">
  <connect>
    Try 0 172.26.42.206:15155
      Operation timed out
    Unable to connect
  </connect>
</log>
<log realm="postbridge-channel/172.26.42.206:15155" at="2024-05-14T12:18:53.443899" lifespan="75022ms">
  <connect>
    Try 0 172.26.42.206:15155
      Operation timed out
    Unable to connect
  </connect>
</log>
<log realm="postbridge-channel/172.26.42.206:15155" at="2024-05-14T12:20:18.466870" lifespan="75010ms">
  <connect>
    Try 0 172.26.42.206:15155
      Operation timed out
    Unable to connect
  </connect>
</log>
<log realm="com.lovisgod.tranctiontest.services.myQbean" at="2024-05-14T12:20:19.058281">
  <info>
    mux.isConnected {}
    false
  </info>
</log>
<log realm="com.lovisgod.tranctiontest.services.myQbean" at="2024-05-14T12:20:49.212810">
  <info>
    mux.isConnected {}
    false
  </info>
</log>
<log realm="postbridge-channel/172.26.42.206:15155" at="2024-05-14T12:21:43.481638" lifespan="75007ms">
  <connect>
    Try 0 172.26.42.206:15155
      Operation timed out
    Unable to connect
  </connect>
</log>
<log realm="postbridge-channel/172.26.42.206:15155" at="2024-05-14T12:23:08.511784" lifespan="75018ms">
  <connect>
    Try 0 172.26.42.206:15155
      Operation timed out
    Unable to connect
  </connect>
</log>
<log realm="postbridge-channel/172.26.42.206:15155" at="2024-05-14T12:24:33.569894" lifespan="75034ms">
  <connect>
    Try 0 172.26.42.206:15155
      Operation timed out
    Unable to connect
  </connect>
</log>
<log realm="com.lovisgod.tranctiontest.services.myQbean" at="2024-05-14T12:25:49.231405">
  <info>
    mux.isConnected {}
    false
  </info>
</log>
<log realm="postbridge-channel/172.26.42.206:15155" at="2024-05-14T12:25:58.627911" lifespan="75022ms">
  <connect>
    Try 0 172.26.42.206:15155
      Operation timed out
    Unable to connect
  </connect>
</log>
<log realm="com.lovisgod.tranctiontest.services.myQbean" at="2024-05-14T12:26:19.332917">
  <info>
    mux.isConnected {}
    false
  </info>
</log>
<log realm="postbridge-channel/172.26.42.206:15155" at="2024-05-14T12:27:23.656857" lifespan="75014ms">
  <connect>
    Try 0 172.26.42.206:15155
      Operation timed out
    Unable to connect
  </connect>
</log>
<log realm="postbridge-channel/172.26.42.206:15155" at="2024-05-14T12:28:48.674336" lifespan="75006ms">
  <connect>
    Try 0 172.26.42.206:15155
      Operation timed out
    Unable to connect
  </connect>
</log>
<log realm="postbridge-channel/172.26.42.206:15155" at="2024-05-14T12:30:13.707915" lifespan="75021ms">
  <connect>
    Try 0 172.26.42.206:15155
      Operation timed out
    Unable to connect
  </connect>
</log>
<log realm="com.lovisgod.tranctiontest.services.myQbean" at="2024-05-14T12:31:19.345450">
  <info>
    mux.isConnected {}
    false
  </info>
</log>
<log realm="postbridge-channel/172.26.42.206:15155" at="2024-05-14T12:31:38.744336" lifespan="75020ms">
  <connect>
    Try 0 172.26.42.206:15155
      Operation timed out
    Unable to connect
  </connect>
</log>
<log realm="com.lovisgod.tranctiontest.services.myQbean" at="2024-05-14T12:31:49.419627">
  <info>
    mux.isConnected {}
    false
  </info>
</log>
<log realm="postbridge-channel/172.26.42.206:15155" at="2024-05-14T12:33:03.796802" lifespan="75030ms">
  <connect>
    Try 0 172.26.42.206:15155
      Operation timed out
    Unable to connect
  </connect>
</log>
<log realm="postbridge-channel/172.26.42.206:15155" at="2024-05-14T12:34:28.862655" lifespan="75045ms">
  <connect>
    Try 0 172.26.42.206:15155
      Operation timed out
    Unable to connect
  </connect>
</log>
<log realm="postbridge-channel/172.26.42.206:15155" at="2024-05-14T12:35:53.929644" lifespan="75053ms">
  <connect>
    Try 0 172.26.42.206:15155
      Operation timed out
    Unable to connect
  </connect>
</log>
<log realm="com.lovisgod.tranctiontest.services.myQbean" at="2024-05-14T12:36:49.434390">
  <info>
    mux.isConnected {}
    false
  </info>
</log>
<log realm="postbridge-channel/172.26.42.206:15155" at="2024-05-14T12:37:18.962266" lifespan="75013ms">
  <connect>
    Try 0 172.26.42.206:15155
      Operation timed out
    Unable to connect
  </connect>
</log>
<log realm="com.lovisgod.tranctiontest.services.myQbean" at="2024-05-14T12:37:19.548830">
  <info>
    mux.isConnected {}
    false
  </info>
</log>
<log realm="postbridge-channel/172.26.42.206:15155" at="2024-05-14T12:38:44.017720" lifespan="75042ms">
  <connect>
    Try 0 172.26.42.206:15155
      Operation timed out
    Unable to connect
  </connect>
</log>
<log realm="postbridge-channel/172.26.42.206:15155" at="2024-05-14T12:40:09.049628" lifespan="75006ms">
  <connect>
    Try 0 172.26.42.206:15155
      Operation timed out
    Unable to connect
  </connect>
</log>
<log realm="postbridge-channel/172.26.42.206:15155" at="2024-05-14T12:41:34.072748" lifespan="75010ms">
  <connect>
    Try 0 172.26.42.206:15155
      Operation timed out
    Unable to connect
  </connect>
</log>
<log realm="com.lovisgod.tranctiontest.services.myQbean" at="2024-05-14T12:42:19.564891">
  <info>
    mux.isConnected {}
    false
  </info>
</log>
<log realm="com.lovisgod.tranctiontest.services.myQbean" at="2024-05-14T12:42:49.676511">
  <info>
    mux.isConnected {}
    false
  </info>
</log>
<log realm="postbridge-channel/172.26.42.206:15155" at="2024-05-14T12:42:59.123269" lifespan="75021ms">
  <connect>
    Try 0 172.26.42.206:15155
      Operation timed out
    Unable to connect
  </connect>
</log>
<log realm="postbridge-channel/172.26.42.206:15155" at="2024-05-14T12:44:24.156850" lifespan="75020ms">
  <connect>
    Try 0 172.26.42.206:15155
      Operation timed out
    Unable to connect
  </connect>
</log>
<log realm="postbridge-channel/172.26.42.206:15155" at="2024-05-14T12:45:49.233947" lifespan="75066ms">
  <connect>
    Try 0 172.26.42.206:15155
      Operation timed out
    Unable to connect
  </connect>
</log>
<log realm="postbridge-channel/172.26.42.206:15155" at="2024-05-14T12:47:14.316051" lifespan="75049ms">
  <connect>
    Try 0 172.26.42.206:15155
      Operation timed out
    Unable to connect
  </connect>
</log>
<log realm="com.lovisgod.tranctiontest.services.myQbean" at="2024-05-14T12:47:49.695953">
  <info>
    mux.isConnected {}
    false
  </info>
</log>
<log realm="com.lovisgod.tranctiontest.services.myQbean" at="2024-05-14T12:48:19.805911">
  <info>
    mux.isConnected {}
    false
  </info>
</log>
<log realm="postbridge-channel/172.26.42.206:15155" at="2024-05-14T12:48:39.363967" lifespan="75031ms">
  <connect>
    Try 0 172.26.42.206:15155
      Operation timed out
    Unable to connect
  </connect>
</log>
<log realm="postbridge-channel/172.26.42.206:15155" at="2024-05-14T12:50:04.381017" lifespan="75008ms">
  <connect>
    Try 0 172.26.42.206:15155
      Operation timed out
    Unable to connect
  </connect>
</log>
<log realm="postbridge-channel/172.26.42.206:15155" at="2024-05-14T12:51:29.412225" lifespan="75018ms">
  <connect>
    Try 0 172.26.42.206:15155
      Operation timed out
    Unable to connect
  </connect>
</log>
<log realm="postbridge-channel/172.26.42.206:15155" at="2024-05-14T12:52:54.455600" lifespan="75026ms">
  <connect>
    Try 0 172.26.42.206:15155
      Operation timed out
    Unable to connect
  </connect>
</log>
<log realm="com.lovisgod.tranctiontest.services.myQbean" at="2024-05-14T12:53:19.820668">
  <info>
    mux.isConnected {}
    false
  </info>
</log>
<log realm="com.lovisgod.tranctiontest.services.myQbean" at="2024-05-14T12:53:49.910449" lifespan="1ms">
  <info>
    mux.isConnected {}
    false
  </info>
</log>
<log realm="postbridge-channel/172.26.42.206:15155" at="2024-05-14T12:54:19.493768" lifespan="75029ms">
  <connect>
    Try 0 172.26.42.206:15155
      Operation timed out
    Unable to connect
  </connect>
</log>
<log realm="postbridge-channel/172.26.42.206:15155" at="2024-05-14T12:55:44.540743" lifespan="75038ms">
  <connect>
    Try 0 172.26.42.206:15155
      Operation timed out
    Unable to connect
  </connect>
</log>
<log realm="postbridge-channel/172.26.42.206:15155" at="2024-05-14T12:57:09.619196" lifespan="75049ms">
  <connect>
    Try 0 172.26.42.206:15155
      Operation timed out
    Unable to connect
  </connect>
</log>
<log realm="postbridge-channel/172.26.42.206:15155" at="2024-05-14T12:58:34.651259" lifespan="75018ms">
  <connect>
    Try 0 172.26.42.206:15155
      Operation timed out
    Unable to connect
  </connect>
</log>
<log realm="com.lovisgod.tranctiontest.services.myQbean" at="2024-05-14T12:58:49.944120">
  <info>
    mux.isConnected {}
    false
  </info>
</log>
<log realm="com.lovisgod.tranctiontest.services.myQbean" at="2024-05-14T12:59:20.063125">
  <info>
    mux.isConnected {}
    false
  </info>
</log>
<log realm="postbridge-channel/172.26.42.206:15155" at="2024-05-14T12:59:59.695827" lifespan="75028ms">
  <connect>
    Try 0 172.26.42.206:15155
      Operation timed out
    Unable to connect
  </connect>
</log>
<log realm="postbridge-channel/172.26.42.206:15155" at="2024-05-14T13:01:24.744682" lifespan="75024ms">
  <connect>
    Try 0 172.26.42.206:15155
      Operation timed out
    Unable to connect
  </connect>
</log>
<log realm="postbridge-channel/172.26.42.206:15155" at="2024-05-14T13:02:49.788136" lifespan="75024ms">
  <connect>
    Try 0 172.26.42.206:15155
      Operation timed out
    Unable to connect
  </connect>
</log>
<log realm="postbridge-channel/172.26.42.206:15155" at="2024-05-14T13:04:14.821065" lifespan="75016ms">
  <connect>
    Try 0 172.26.42.206:15155
      Operation timed out
    Unable to connect
  </connect>
</log>
<log realm="com.lovisgod.tranctiontest.services.myQbean" at="2024-05-14T13:04:20.080771">
  <info>
    mux.isConnected {}
    false
  </info>
</log>
<log realm="com.lovisgod.tranctiontest.services.myQbean" at="2024-05-14T13:04:50.171384">
  <info>
    mux.isConnected {}
    false
  </info>
</log>
<log realm="postbridge-channel/172.26.42.206:15155" at="2024-05-14T13:05:39.873016" lifespan="75026ms">
  <connect>
    Try 0 172.26.42.206:15155
      Operation timed out
    Unable to connect
  </connect>
</log>
<log realm="postbridge-channel/172.26.42.206:15155" at="2024-05-14T13:07:04.951494" lifespan="75054ms">
  <connect>
    Try 0 172.26.42.206:15155
      Operation timed out
    Unable to connect
  </connect>
</log>
<log realm="postbridge-channel/172.26.42.206:15155" at="2024-05-14T13:08:29.979811" lifespan="75012ms">
  <connect>
    Try 0 172.26.42.206:15155
      Operation timed out
    Unable to connect
  </connect>
</log>
<log realm="com.lovisgod.tranctiontest.services.myQbean" at="2024-05-14T13:09:50.186490">
  <info>
    mux.isConnected {}
    false
  </info>
</log>
<log realm="postbridge-channel/172.26.42.206:15155" at="2024-05-14T13:09:55.006377" lifespan="75015ms">
  <connect>
    Try 0 172.26.42.206:15155
      Operation timed out
    Unable to connect
  </connect>
</log>
<log realm="com.lovisgod.tranctiontest.services.myQbean" at="2024-05-14T13:10:20.251398">
  <info>
    mux.isConnected {}
    false
  </info>
</log>
<log realm="postbridge-channel/172.26.42.206:15155" at="2024-05-14T13:11:20.048601" lifespan="75018ms">
  <connect>
    Try 0 172.26.42.206:15155
      Operation timed out
    Unable to connect
  </connect>
</log>
<log realm="postbridge-channel/172.26.42.206:15155" at="2024-05-14T13:12:45.065464" lifespan="75007ms">
  <connect>
    Try 0 172.26.42.206:15155
      Operation timed out
    Unable to connect
  </connect>
</log>
<log realm="postbridge-channel/172.26.42.206:15155" at="2024-05-14T13:14:10.086616" lifespan="75008ms">
  <connect>
    Try 0 172.26.42.206:15155
      Operation timed out
    Unable to connect
  </connect>
</log>
<log realm="com.lovisgod.tranctiontest.services.myQbean" at="2024-05-14T13:15:20.260707">
  <info>
    mux.isConnected {}
    false
  </info>
</log>
<log realm="postbridge-channel/172.26.42.206:15155" at="2024-05-14T13:15:35.106412" lifespan="75004ms">
  <connect>
    Try 0 172.26.42.206:15155
      Operation timed out
    Unable to connect
  </connect>
</log>
<log realm="com.lovisgod.tranctiontest.services.myQbean" at="2024-05-14T13:15:50.317046">
  <info>
    mux.isConnected {}
    false
  </info>
</log>
<log realm="postbridge-channel/172.26.42.206:15155" at="2024-05-14T13:17:00.137513" lifespan="75024ms">
  <connect>
    Try 0 172.26.42.206:15155
      Operation timed out
    Unable to connect
  </connect>
</log>
<log realm="postbridge-channel/172.26.42.206:15155" at="2024-05-14T13:18:25.188838" lifespan="75042ms">
  <connect>
    Try 0 172.26.42.206:15155
      Operation timed out
    Unable to connect
  </connect>
</log>
<log realm="postbridge-channel/172.26.42.206:15155" at="2024-05-14T13:19:50.240274" lifespan="75039ms">
  <connect>
    Try 0 172.26.42.206:15155
      Operation timed out
    Unable to connect
  </connect>
</log>
<log realm="com.lovisgod.tranctiontest.services.myQbean" at="2024-05-14T13:20:50.327784">
  <info>
    mux.isConnected {}
    false
  </info>
</log>
<log realm="postbridge-channel/172.26.42.206:15155" at="2024-05-14T13:21:15.294675" lifespan="75042ms">
  <connect>
    Try 0 172.26.42.206:15155
      Operation timed out
    Unable to connect
  </connect>
</log>
<log realm="com.lovisgod.tranctiontest.services.myQbean" at="2024-05-14T13:21:20.426375">
  <info>
    mux.isConnected {}
    false
  </info>
</log>
<log realm="postbridge-channel/172.26.42.206:15155" at="2024-05-14T13:22:40.338583" lifespan="75029ms">
  <connect>
    Try 0 172.26.42.206:15155
      Operation timed out
    Unable to connect
  </connect>
</log>
<log realm="postbridge-channel/172.26.42.206:15155" at="2024-05-14T13:24:05.371577" lifespan="75021ms">
  <connect>
    Try 0 172.26.42.206:15155
      Operation timed out
    Unable to connect
  </connect>
</log>
<log realm="postbridge-channel/172.26.42.206:15155" at="2024-05-14T13:25:30.397111" lifespan="75017ms">
  <connect>
    Try 0 172.26.42.206:15155
      Operation timed out
    Unable to connect
  </connect>
</log>
<log realm="com.lovisgod.tranctiontest.services.myQbean" at="2024-05-14T13:26:20.434469">
  <info>
    mux.isConnected {}
    false
  </info>
</log>
<log realm="com.lovisgod.tranctiontest.services.myQbean" at="2024-05-14T13:26:50.522919">
  <info>
    mux.isConnected {}
    false
  </info>
</log>
<log realm="postbridge-channel/172.26.42.206:15155" at="2024-05-14T13:26:55.419950" lifespan="75011ms">
  <connect>
    Try 0 172.26.42.206:15155
      Operation timed out
    Unable to connect
  </connect>
</log>
<log realm="postbridge-channel/172.26.42.206:15155" at="2024-05-14T13:28:20.456306" lifespan="75027ms">
  <connect>
    Try 0 172.26.42.206:15155
      Operation timed out
    Unable to connect
  </connect>
</log>
<log realm="postbridge-channel/172.26.42.206:15155" at="2024-05-14T13:29:45.479742" lifespan="75014ms">
  <connect>
    Try 0 172.26.42.206:15155
      Operation timed out
    Unable to connect
  </connect>
</log>
<log realm="postbridge-channel/172.26.42.206:15155" at="2024-05-14T13:31:10.511568" lifespan="75023ms">
  <connect>
    Try 0 172.26.42.206:15155
      Operation timed out
    Unable to connect
  </connect>
</log>
<log realm="com.lovisgod.tranctiontest.services.myQbean" at="2024-05-14T13:31:50.546884">
  <info>
    mux.isConnected {}
    false
  </info>
</log>
<log realm="com.lovisgod.tranctiontest.services.myQbean" at="2024-05-14T13:32:20.665589">
  <info>
    mux.isConnected {}
    false
  </info>
</log>
<log realm="postbridge-channel/172.26.42.206:15155" at="2024-05-14T13:32:35.559586" lifespan="75034ms">
  <connect>
    Try 0 172.26.42.206:15155
      Operation timed out
    Unable to connect
  </connect>
</log>
<log realm="postbridge-channel/172.26.42.206:15155" at="2024-05-14T13:34:00.590042" lifespan="75016ms">
  <connect>
    Try 0 172.26.42.206:15155
      Operation timed out
    Unable to connect
  </connect>
</log>
<log realm="postbridge-channel/172.26.42.206:15155" at="2024-05-14T13:35:25.620371" lifespan="75019ms">
  <connect>
    Try 0 172.26.42.206:15155
      Operation timed out
    Unable to connect
  </connect>
</log>
<log realm="postbridge-channel/172.26.42.206:15155" at="2024-05-14T13:36:50.647587" lifespan="75012ms">
  <connect>
    Try 0 172.26.42.206:15155
      Operation timed out
    Unable to connect
  </connect>
</log>
<log realm="com.lovisgod.tranctiontest.services.myQbean" at="2024-05-14T13:37:20.680383">
  <info>
    mux.isConnected {}
    false
  </info>
</log>
<log realm="com.lovisgod.tranctiontest.services.myQbean" at="2024-05-14T13:37:50.754855">
  <info>
    mux.isConnected {}
    false
  </info>
</log>
<log realm="postbridge-channel/172.26.42.206:15155" at="2024-05-14T13:38:15.672215" lifespan="75010ms">
  <connect>
    Try 0 172.26.42.206:15155
      Operation timed out
    Unable to connect
  </connect>
</log>
<log realm="postbridge-channel/172.26.42.206:15155" at="2024-05-14T13:39:40.697254" lifespan="75011ms">
  <connect>
    Try 0 172.26.42.206:15155
      Operation timed out
    Unable to connect
  </connect>
</log>
<log realm="postbridge-channel/172.26.42.206:15155" at="2024-05-14T13:41:05.741850" lifespan="75032ms">
  <connect>
    Try 0 172.26.42.206:15155
      Operation timed out
    Unable to connect
  </connect>
</log>
<log realm="postbridge-channel/172.26.42.206:15155" at="2024-05-14T13:42:30.769859" lifespan="75018ms">
  <connect>
    Try 0 172.26.42.206:15155
      Operation timed out
    Unable to connect
  </connect>
</log>
<log realm="com.lovisgod.tranctiontest.services.myQbean" at="2024-05-14T13:42:50.787568">
  <info>
    mux.isConnected {}
    false
  </info>
</log>
<log realm="com.lovisgod.tranctiontest.services.myQbean" at="2024-05-14T13:43:20.852688">
  <info>
    mux.isConnected {}
    false
  </info>
</log>
<log realm="postbridge-channel/172.26.42.206:15155" at="2024-05-14T13:43:55.803368" lifespan="75021ms">
  <connect>
    Try 0 172.26.42.206:15155
      Operation timed out
    Unable to connect
  </connect>
</log>
<log realm="postbridge-channel/172.26.42.206:15155" at="2024-05-14T13:45:20.852692" lifespan="75028ms">
  <connect>
    Try 0 172.26.42.206:15155
      Operation timed out
    Unable to connect
  </connect>
</log>
<log realm="postbridge-channel/172.26.42.206:15155" at="2024-05-14T13:46:45.906663" lifespan="75037ms">
  <connect>
    Try 0 172.26.42.206:15155
      Operation timed out
    Unable to connect
  </connect>
</log>
<log realm="postbridge-channel/172.26.42.206:15155" at="2024-05-14T13:48:10.936916" lifespan="75015ms">
  <connect>
    Try 0 172.26.42.206:15155
      Operation timed out
    Unable to connect
  </connect>
</log>
<log realm="com.lovisgod.tranctiontest.services.myQbean" at="2024-05-14T13:48:20.886094">
  <info>
    mux.isConnected {}
    false
  </info>
</log>
<log realm="com.lovisgod.tranctiontest.services.myQbean" at="2024-05-14T13:48:51.010085">
  <info>
    mux.isConnected {}
    false
  </info>
</log>
<log realm="postbridge-channel/172.26.42.206:15155" at="2024-05-14T13:49:35.966416" lifespan="75010ms">
  <connect>
    Try 0 172.26.42.206:15155
      Operation timed out
    Unable to connect
  </connect>
</log>
<log realm="postbridge-channel/172.26.42.206:15155" at="2024-05-14T13:51:00.985859" lifespan="75008ms">
  <connect>
    Try 0 172.26.42.206:15155
      Operation timed out
    Unable to connect
  </connect>
</log>
<log realm="postbridge-channel/172.26.42.206:15155" at="2024-05-14T13:52:26.025853" lifespan="75018ms">
  <connect>
    Try 0 172.26.42.206:15155
      Operation timed out
    Unable to connect
  </connect>
</log>
<log realm="com.lovisgod.tranctiontest.services.myQbean" at="2024-05-14T13:53:51.052683">
  <info>
    mux.isConnected {}
    false
  </info>
</log>
<log realm="postbridge-channel/172.26.42.206:15155" at="2024-05-14T13:53:51.056585" lifespan="75005ms">
  <connect>
    Try 0 172.26.42.206:15155
      Operation timed out
    Unable to connect
  </connect>
</log>
<log realm="com.lovisgod.tranctiontest.services.myQbean" at="2024-05-14T13:54:21.200720">
  <info>
    mux.isConnected {}
    false
  </info>
</log>
<log realm="postbridge-channel/172.26.42.206:15155" at="2024-05-14T13:55:16.072856" lifespan="75011ms">
  <connect>
    Try 0 172.26.42.206:15155
      Operation timed out
    Unable to connect
  </connect>
</log>
<log realm="postbridge-channel/172.26.42.206:15155" at="2024-05-14T13:56:41.117977" lifespan="75029ms">
  <connect>
    Try 0 172.26.42.206:15155
      Operation timed out
    Unable to connect
  </connect>
</log>
<log realm="postbridge-channel/172.26.42.206:15155" at="2024-05-14T13:58:06.144169" lifespan="75015ms">
  <connect>
    Try 0 172.26.42.206:15155
      Operation timed out
    Unable to connect
  </connect>
</log>
<log realm="com.lovisgod.tranctiontest.services.myQbean" at="2024-05-14T13:59:21.219466" lifespan="1ms">
  <info>
    mux.isConnected {}
    false
  </info>
</log>
<log realm="postbridge-channel/172.26.42.206:15155" at="2024-05-14T13:59:31.168541" lifespan="75012ms">
  <connect>
    Try 0 172.26.42.206:15155
      Operation timed out
    Unable to connect
  </connect>
</log>
<log realm="com.lovisgod.tranctiontest.services.myQbean" at="2024-05-14T13:59:51.336584">
  <info>
    mux.isConnected {}
    false
  </info>
</log>
<log realm="postbridge-channel/172.26.42.206:15155" at="2024-05-14T14:00:56.212170" lifespan="75024ms">
  <connect>
    Try 0 172.26.42.206:15155
      Operation timed out
    Unable to connect
  </connect>
</log>
<log realm="postbridge-channel/172.26.42.206:15155" at="2024-05-14T14:02:21.265513" lifespan="75034ms">
  <connect>
    Try 0 172.26.42.206:15155
      Operation timed out
    Unable to connect
  </connect>
</log>
<log realm="postbridge-channel/172.26.42.206:15155" at="2024-05-14T14:03:46.307443" lifespan="75027ms">
  <connect>
    Try 0 172.26.42.206:15155
      Operation timed out
    Unable to connect
  </connect>
</log>
<log realm="com.lovisgod.tranctiontest.services.myQbean" at="2024-05-14T14:04:51.361574">
  <info>
    mux.isConnected {}
    false
  </info>
</log>
<log realm="postbridge-channel/172.26.42.206:15155" at="2024-05-14T14:05:11.352982" lifespan="75035ms">
  <connect>
    Try 0 172.26.42.206:15155
      Operation timed out
    Unable to connect
  </connect>
</log>
<log realm="com.lovisgod.tranctiontest.services.myQbean" at="2024-05-14T14:05:21.472294">
  <info>
    mux.isConnected {}
    false
  </info>
</log>
<log realm="postbridge-channel/172.26.42.206:15155" at="2024-05-14T14:06:36.419365" lifespan="75057ms">
  <connect>
    Try 0 172.26.42.206:15155
      Operation timed out
    Unable to connect
  </connect>
</log>
<log realm="postbridge-channel/172.26.42.206:15155" at="2024-05-14T14:08:01.453724" lifespan="75027ms">
  <connect>
    Try 0 172.26.42.206:15155
      Operation timed out
    Unable to connect
  </connect>
</log>
<log realm="postbridge-channel/172.26.42.206:15155" at="2024-05-14T14:09:26.484114" lifespan="75013ms">
  <connect>
    Try 0 172.26.42.206:15155
      Operation timed out
    Unable to connect
  </connect>
</log>
<log realm="com.lovisgod.tranctiontest.services.myQbean" at="2024-05-14T14:10:21.484785">
  <info>
    mux.isConnected {}
    false
  </info>
</log>
<log realm="postbridge-channel/172.26.42.206:15155" at="2024-05-14T14:10:51.514466" lifespan="75010ms">
  <connect>
    Try 0 172.26.42.206:15155
      Operation timed out
    Unable to connect
  </connect>
</log>
<log realm="com.lovisgod.tranctiontest.services.myQbean" at="2024-05-14T14:10:51.537767">
  <info>
    mux.isConnected {}
    false
  </info>
</log>
<log realm="postbridge-channel/172.26.42.206:15155" at="2024-05-14T14:12:16.541528" lifespan="75012ms">
  <connect>
    Try 0 172.26.42.206:15155
      Operation timed out
    Unable to connect
  </connect>
</log>
<log realm="postbridge-channel/172.26.42.206:15155" at="2024-05-14T14:13:41.566770" lifespan="75011ms">
  <connect>
    Try 0 172.26.42.206:15155
      Operation timed out
    Unable to connect
  </connect>
</log>
<log realm="postbridge-channel/172.26.42.206:15155" at="2024-05-14T14:15:06.603244" lifespan="75014ms">
  <connect>
    Try 0 172.26.42.206:15155
      Operation timed out
    Unable to connect
  </connect>
</log>
<log realm="com.lovisgod.tranctiontest.services.myQbean" at="2024-05-14T14:15:51.551940">
  <info>
    mux.isConnected {}
    false
  </info>
</log>
<log realm="com.lovisgod.tranctiontest.services.myQbean" at="2024-05-14T14:16:21.633850">
  <info>
    mux.isConnected {}
    false
  </info>
</log>
<log realm="postbridge-channel/172.26.42.206:15155" at="2024-05-14T14:16:31.628553" lifespan="75007ms">
  <connect>
    Try 0 172.26.42.206:15155
      Operation timed out
    Unable to connect
  </connect>
</log>
<log realm="postbridge-channel/172.26.42.206:15155" at="2024-05-14T14:17:56.659719" lifespan="75012ms">
  <connect>
    Try 0 172.26.42.206:15155
      Operation timed out
    Unable to connect
  </connect>
</log>
<log realm="postbridge-channel/172.26.42.206:15155" at="2024-05-14T14:19:21.701349" lifespan="75025ms">
  <connect>
    Try 0 172.26.42.206:15155
      Operation timed out
    Unable to connect
  </connect>
</log>
<log realm="postbridge-channel/172.26.42.206:15155" at="2024-05-14T14:20:46.729769" lifespan="75012ms">
  <connect>
    Try 0 172.26.42.206:15155
      Operation timed out
    Unable to connect
  </connect>
</log>
<log realm="com.lovisgod.tranctiontest.services.myQbean" at="2024-05-14T14:21:21.663853">
  <info>
    mux.isConnected {}
    false
  </info>
</log>
<log realm="com.lovisgod.tranctiontest.services.myQbean" at="2024-05-14T14:21:51.746571">
  <info>
    mux.isConnected {}
    false
  </info>
</log>
<log realm="postbridge-channel/172.26.42.206:15155" at="2024-05-14T14:22:11.752412" lifespan="75010ms">
  <connect>
    Try 0 172.26.42.206:15155
      Operation timed out
    Unable to connect
  </connect>
</log>
<log realm="postbridge-channel/172.26.42.206:15155" at="2024-05-14T14:23:36.788895" lifespan="75010ms">
  <connect>
    Try 0 172.26.42.206:15155
      Operation timed out
    Unable to connect
  </connect>
</log>
<log realm="postbridge-channel/172.26.42.206:15155" at="2024-05-14T14:25:01.831639" lifespan="75027ms">
  <connect>
    Try 0 172.26.42.206:15155
      Operation timed out
    Unable to connect
  </connect>
</log>
<log realm="postbridge-channel/172.26.42.206:15155" at="2024-05-14T14:26:26.868469" lifespan="75021ms">
  <connect>
    Try 0 172.26.42.206:15155
      Operation timed out
    Unable to connect
  </connect>
</log>
<log realm="com.lovisgod.tranctiontest.services.myQbean" at="2024-05-14T14:26:51.765992">
  <info>
    mux.isConnected {}
    false
  </info>
</log>
<log realm="com.lovisgod.tranctiontest.services.myQbean" at="2024-05-14T14:27:21.848158">
  <info>
    mux.isConnected {}
    false
  </info>
</log>
<log realm="postbridge-channel/172.26.42.206:15155" at="2024-05-14T14:27:51.902804" lifespan="75018ms">
  <connect>
    Try 0 172.26.42.206:15155
      Operation timed out
    Unable to connect
  </connect>
</log>
<log realm="postbridge-channel/172.26.42.206:15155" at="2024-05-14T14:29:16.927002" lifespan="75007ms">
  <connect>
    Try 0 172.26.42.206:15155
      Operation timed out
    Unable to connect
  </connect>
</log>
<log realm="postbridge-channel/172.26.42.206:15155" at="2024-05-14T14:30:41.950925" lifespan="75016ms">
  <connect>
    Try 0 172.26.42.206:15155
      Operation timed out
    Unable to connect
  </connect>
</log>
<log realm="postbridge-channel/172.26.42.206:15155" at="2024-05-14T14:32:06.976949" lifespan="75013ms">
  <connect>
    Try 0 172.26.42.206:15155
      Operation timed out
    Unable to connect
  </connect>
</log>
<log realm="com.lovisgod.tranctiontest.services.myQbean" at="2024-05-14T14:32:21.854797">
  <info>
    mux.isConnected {}
    false
  </info>
</log>
<log realm="com.lovisgod.tranctiontest.services.myQbean" at="2024-05-14T14:32:51.914568">
  <info>
    mux.isConnected {}
    false
  </info>
</log>
<log realm="postbridge-channel/172.26.42.206:15155" at="2024-05-14T14:33:32.019049" lifespan="75033ms">
  <connect>
    Try 0 172.26.42.206:15155
      Operation timed out
    Unable to connect
  </connect>
</log>
<log realm="postbridge-channel/172.26.42.206:15155" at="2024-05-14T14:34:57.047152" lifespan="75018ms">
  <connect>
    Try 0 172.26.42.206:15155
      Operation timed out
    Unable to connect
  </connect>
</log>
<log realm="postbridge-channel/172.26.42.206:15155" at="2024-05-14T14:36:22.071645" lifespan="75012ms">
  <connect>
    Try 0 172.26.42.206:15155
      Operation timed out
    Unable to connect
  </connect>
</log>
<log realm="postbridge-channel/172.26.42.206:15155" at="2024-05-14T14:37:47.120207" lifespan="75030ms">
  <connect>
    Try 0 172.26.42.206:15155
      Operation timed out
    Unable to connect
  </connect>
</log>
<log realm="com.lovisgod.tranctiontest.services.myQbean" at="2024-05-14T14:37:51.928735">
  <info>
    mux.isConnected {}
    false
  </info>
</log>
<log realm="com.lovisgod.tranctiontest.services.myQbean" at="2024-05-14T14:38:22.005876">
  <info>
    mux.isConnected {}
    false
  </info>
</log>
<log realm="postbridge-channel/172.26.42.206:15155" at="2024-05-14T14:39:12.140895" lifespan="75012ms">
  <connect>
    Try 0 172.26.42.206:15155
      Operation timed out
    Unable to connect
  </connect>
</log>
<log realm="postbridge-channel/172.26.42.206:15155" at="2024-05-14T14:40:37.172406" lifespan="75019ms">
  <connect>
    Try 0 172.26.42.206:15155
      Operation timed out
    Unable to connect
  </connect>
</log>
<log realm="Q2.system" at="2024-05-14T14:41:25.980712" lifespan="272ms">
  <version>
    jPOS 2.1.8 master/6c7e86f (2023-02-21 19:13:26 UYT) 

-----BEGIN PGP SIGNED MESSAGE-----
Hash: SHA1

jPOS Community Edition, licensed under GNU AGPL v3.0.
This software is probably not suitable for commercial use.
Please see http://jpos.org/license for details.

-----BEGIN PGP SIGNATURE-----
Version: GnuPG v1.4.9 (Darwin)

iQEcBAEBAgAGBQJMolHDAAoJEOQyeO71nYtFv74H/3OgehDGEy1VXp2U3/GcAobg
HH2eZjPUz53r38ARPiU3pzm9LwDa3WZgJJaa/b9VrJwKvbPwe9+0kY3gScDE1skT
ladHt+KHHmGQArEutkzHlpZa73RbroFEIa1qmN6MaDEHGoxZqDh0Sv2cpvOaVYGO
St8ZaddLBPC17bSjAPWo9sWbvL7FgPFOHhnPmbeux8SLtnfWxXWsgo5hLBanKmO1
1z+I/w/6DL6ZYZU6bAJUk+eyVVImJqw0x3IEElI07Nh9MC6BA4iJ77ejobj8HI2r
q9ulRPEqH9NR79619lNKVUkE206dVlXo7xHmJS1QZy5v/GT66xBxyDVfTduPFXk=
=oP+v
-----END PGP SIGNATURE-----

  </version>
</log>
<log realm="postbridge-channel/172.26.42.206:15155" at="2024-05-14T14:42:02.199311" lifespan="75018ms">
  <connect>
    Try 0 172.26.42.206:15155
      Operation timed out
    Unable to connect
  </connect>
</log>
<log realm="com.lovisgod.tranctiontest.services.myQbean" at="2024-05-14T14:43:22.017981">
  <info>
    mux.isConnected {}
    false
  </info>
</log>
<log realm="postbridge-channel/172.26.42.206:15155" at="2024-05-14T14:43:27.215655" lifespan="75007ms">
  <connect>
    Try 0 172.26.42.206:15155
      Operation timed out
    Unable to connect
  </connect>
</log>
<log realm="com.lovisgod.tranctiontest.services.myQbean" at="2024-05-14T14:43:52.089218">
  <info>
    mux.isConnected {}
    false
  </info>
</log>
<log realm="postbridge-channel/172.26.42.206:15155" at="2024-05-14T14:44:52.248291" lifespan="75027ms">
  <connect>
    Try 0 172.26.42.206:15155
      Operation timed out
    Unable to connect
  </connect>
</log>
<log realm="postbridge-channel/172.26.42.206:15155" at="2024-05-14T14:46:17.276868" lifespan="75012ms">
  <connect>
    Try 0 172.26.42.206:15155
      Operation timed out
    Unable to connect
  </connect>
</log>
<log realm="postbridge-channel/172.26.42.206:15155" at="2024-05-14T14:47:42.292346" lifespan="75006ms">
  <connect>
    Try 0 172.26.42.206:15155
      Operation timed out
    Unable to connect
  </connect>
</log>
<log realm="com.lovisgod.tranctiontest.services.myQbean" at="2024-05-14T14:48:52.102391">
  <info>
    mux.isConnected {}
    false
  </info>
</log>
<log realm="postbridge-channel/172.26.42.206:15155" at="2024-05-14T14:49:07.316842" lifespan="75008ms">
  <connect>
    Try 0 172.26.42.206:15155
      Operation timed out
    Unable to connect
  </connect>
</log>
<log realm="com.lovisgod.tranctiontest.services.myQbean" at="2024-05-14T14:49:22.167070">
  <info>
    mux.isConnected {}
    false
  </info>
</log>
<log realm="postbridge-channel/172.26.42.206:15155" at="2024-05-14T14:50:32.341299" lifespan="75015ms">
  <connect>
    Try 0 172.26.42.206:15155
      Operation timed out
    Unable to connect
  </connect>
</log>
<log realm="postbridge-channel/172.26.42.206:15155" at="2024-05-14T14:51:57.365758" lifespan="75009ms">
  <connect>
    Try 0 172.26.42.206:15155
      Operation timed out
    Unable to connect
  </connect>
</log>
<log realm="postbridge-channel/172.26.42.206:15155" at="2024-05-14T14:53:22.431225" lifespan="75051ms">
  <connect>
    Try 0 172.26.42.206:15155
      Operation timed out
    Unable to connect
  </connect>
</log>
<log realm="com.lovisgod.tranctiontest.services.myQbean" at="2024-05-14T14:54:22.176649">
  <info>
    mux.isConnected {}
    false
  </info>
</log>
<log realm="postbridge-channel/172.26.42.206:15155" at="2024-05-14T14:54:47.466473" lifespan="75020ms">
  <connect>
    Try 0 172.26.42.206:15155
      Operation timed out
    Unable to connect
  </connect>
</log>
<log realm="com.lovisgod.tranctiontest.services.myQbean" at="2024-05-14T14:54:52.239390">
  <info>
    mux.isConnected {}
    false
  </info>
</log>
<log realm="postbridge-channel/172.26.42.206:15155" at="2024-05-14T14:56:12.481586" lifespan="75010ms">
  <connect>
    Try 0 172.26.42.206:15155
      Operation timed out
    Unable to connect
  </connect>
</log>
<log realm="postbridge-channel/172.26.42.206:15155" at="2024-05-14T14:57:37.663552" lifespan="75042ms">
  <connect>
    Try 0 172.26.42.206:15155
      Operation timed out
    Unable to connect
  </connect>
</log>
<log realm="postbridge-channel/172.26.42.206:15155" at="2024-05-14T15:14:15.414127" lifespan="987740ms">
  <connect>
    Try 0 172.26.42.206:15155
      Operation timed out
    Unable to connect
  </connect>
</log>
<log realm="com.lovisgod.tranctiontest.services.myQbean" at="2024-05-14T15:24:31.190329">
  <info>
    mux.isConnected {}
    false
  </info>
</log>
<log realm="postbridge-channel/172.26.42.206:15155" at="2024-05-14T15:28:41.359947" lifespan="855931ms">
  <connect>
    Try 0 172.26.42.206:15155
      Operation timed out
    Unable to connect
  </connect>
</log>
<log realm="com.lovisgod.tranctiontest.services.myQbean" at="2024-05-14T15:28:43.977241">
  <info>
    mux.isConnected {}
    false
  </info>
</log>
<log realm="postbridge-channel/172.26.42.206:15155" at="2024-05-14T15:56:19.807447" lifespan="1551232ms">
  <connect>
    Try 0 172.26.42.206:15155
      Operation timed out
    Unable to connect
  </connect>
</log>
<log realm="postbridge-channel/172.26.42.206:15155" at="2024-05-14T16:16:19.974714" lifespan="938171ms">
  <connect>
    Try 0 172.26.42.206:15155
      Operation timed out
    Unable to connect
  </connect>
</log>
<log realm="postbridge-channel/172.26.42.206:15155" at="2024-05-14T16:41:59.071180" lifespan="1053143ms">
  <connect>
    Try 0 172.26.42.206:15155
      Operation timed out
    Unable to connect
  </connect>
</log>
<log realm="postbridge-channel/172.26.42.206:15155" at="2024-05-14T16:58:12.059943" lifespan="960415ms">
  <connect>
    Try 0 172.26.42.206:15155
      Operation timed out
    Unable to connect
  </connect>
</log>
<log realm="com.lovisgod.tranctiontest.services.myQbean" at="2024-05-14T16:58:29.078397">
  <info>
    mux.isConnected {}
    false
  </info>
</log>
<log realm="com.lovisgod.tranctiontest.services.myQbean" at="2024-05-14T16:59:13.584710">
  <info>
    mux.isConnected {}
    false
  </info>
</log>
<log realm="postbridge-channel/172.26.42.206:15155" at="2024-05-14T17:00:35.605270" lifespan="126981ms">
  <connect>
    Try 0 172.26.42.206:15155
      Operation timed out
    Unable to connect
  </connect>
</log>
<log realm="postbridge-channel/172.26.42.206:15155" at="2024-05-14T17:18:12.673416" lifespan="1046359ms">
  <connect>
    Try 0 172.26.42.206:15155
      Operation timed out
    Unable to connect
  </connect>
</log>
<log realm="postbridge-channel/172.26.42.206:15155" at="2024-05-14T17:31:18.112626" lifespan="775425ms">
  <connect>
    Try 0 172.26.42.206:15155
      Operation timed out
    Unable to connect
  </connect>
</log>
<log realm="postbridge-channel/172.26.42.206:15155" at="2024-05-14T17:44:34.407208" lifespan="786288ms">
  <connect>
    Try 0 172.26.42.206:15155
      Operation timed out
    Unable to connect
  </connect>
</log>
<log realm="com.lovisgod.tranctiontest.services.myQbean" at="2024-05-14T17:59:21.920462">
  <info>
    mux.isConnected {}
    false
  </info>
</log>
<log realm="com.lovisgod.tranctiontest.services.myQbean" at="2024-05-14T18:05:17.495703">
  <info>
    mux.isConnected {}
    false
  </info>
</log>
<log realm="postbridge-channel/172.26.42.206:15155" at="2024-05-14T18:07:25.309162" lifespan="1095528ms">
  <connect>
    Try 0 172.26.42.206:15155
      Operation timed out
    Unable to connect
  </connect>
</log>
<log realm="postbridge-channel/172.26.42.206:15155" at="2024-05-14T18:12:32.842451" lifespan="181667ms">
  <connect>
    Try 0 172.26.42.206:15155
      Operation timed out
    Unable to connect
  </connect>
</log>
<log realm="postbridge-channel/172.26.42.206:15155" at="2024-05-14T18:13:57.857947" lifespan="75005ms">
  <connect>
    Try 0 172.26.42.206:15155
      Operation timed out
    Unable to connect
  </connect>
</log>
<log realm="postbridge-channel/172.26.42.206:15155" at="2024-05-14T18:15:22.866855" lifespan="75002ms">
  <connect>
    Try 0 172.26.42.206:15155
      Operation timed out
    Unable to connect
  </connect>
</log>
<log realm="com.lovisgod.tranctiontest.services.myQbean" at="2024-05-14T18:15:53.338822">
  <info>
    mux.isConnected {}
    false
  </info>
</log>
<log realm="com.lovisgod.tranctiontest.services.myQbean" at="2024-05-14T18:16:23.393972">
  <info>
    mux.isConnected {}
    false
  </info>
</log>
<log realm="Q2.system" at="2024-05-14T18:16:28.732087">
  <info>
    shutting down (hook)
  </info>
</log>
<log realm="Q2.system" at="2024-05-14T18:16:28.943382">
  <trace>
    undeploying:/Users/ayooluwa.olosunde/Documents/tranctiontest/deploy/50_server_simulator.xml
  </trace>
</log>
<log realm="Q2.system" at="2024-05-14T18:16:29.071084">
  <info>
    undeployed:/Users/ayooluwa.olosunde/Documents/tranctiontest/deploy/50_server_simulator.xml
  </info>
</log>
<log realm="Q2.system" at="2024-05-14T18:16:29.073910">
  <trace>
    undeploying:/Users/ayooluwa.olosunde/Documents/tranctiontest/deploy/30_transaction_manager.xml
  </trace>
</log>
<log realm="com.lovisgod.tranctiontest-9009.pool" at="2024-05-14T18:16:29.128744">
  <queue-closed/>
</log>
<log realm="org.jpos.transaction.TransactionManager" at="2024-05-14T18:16:29.161248" lifespan="14ms">
  <info>
    stop Thread[txnmgr-0:idle,5,main], active sessions=0
  </info>
</log>
<log realm="org.jpos.transaction.TransactionManager" at="2024-05-14T18:16:29.163150" lifespan="27ms">
  <info>
    stop Thread[txnmgr-1:idle,5,main], active sessions=1
  </info>
</log>
<log realm="org.jpos.transaction.TransactionManager" at="2024-05-14T18:16:29.164706" lifespan="29ms">
  <info>
    stop Thread[txnmgr-2:idle,5,main], active sessions=3
  </info>
</log>
<log realm="org.jpos.transaction.TransactionManager" at="2024-05-14T18:16:29.166262" lifespan="31ms">
  <info>
    stop Thread[txnmgr-3:idle,5,main], active sessions=2
  </info>
</log>
<log realm="Q2.system" at="2024-05-14T18:16:29.170310">
  <info>
    undeployed:/Users/ayooluwa.olosunde/Documents/tranctiontest/deploy/30_transaction_manager.xml
  </info>
</log>
<log realm="Q2.system" at="2024-05-14T18:16:29.171865">
  <trace>
    undeploying:/Users/ayooluwa.olosunde/Documents/tranctiontest/deploy/20_qmux.xml
  </trace>
</log>
<log realm="Q2.system" at="2024-05-14T18:16:29.175386">
  <info>
    undeployed:/Users/ayooluwa.olosunde/Documents/tranctiontest/deploy/20_qmux.xml
  </info>
</log>
<log realm="Q2.system" at="2024-05-14T18:16:29.176627">
  <trace>
    undeploying:/Users/ayooluwa.olosunde/Documents/tranctiontest/deploy/10_channel.xml
  </trace>
</log>
<log realm="Q2.system" at="2024-05-14T18:16:29.185524">
  <info>
    undeployed:/Users/ayooluwa.olosunde/Documents/tranctiontest/deploy/10_channel.xml
  </info>
</log>
<log realm="Q2.system" at="2024-05-14T18:16:29.186987">
  <trace>
    undeploying:/Users/ayooluwa.olosunde/Documents/tranctiontest/deploy/00_logger.xml
  </trace>
</log>
</logger>
<?xml version="1.0" encoding="UTF-8"?>
<logger class="org.jpos.util.DailyLogListener">
<log realm="Q2.system" at="2024-05-30T09:46:38.682585">
  <info>
    Q2 started, deployDir=/Users/ayooluwa.olosunde/Documents/tranctiontest/deploy, environment=default
  </info>
</log>
<log realm="Q2.system" at="2024-05-30T09:46:39.199780" lifespan="511ms">
  <version>
    jPOS 2.1.8 master/6c7e86f (2023-02-21 19:13:26 UYT) 

-----BEGIN PGP SIGNED MESSAGE-----
Hash: SHA1

jPOS Community Edition, licensed under GNU AGPL v3.0.
This software is probably not suitable for commercial use.
Please see http://jpos.org/license for details.

-----BEGIN PGP SIGNATURE-----
Version: GnuPG v1.4.9 (Darwin)

iQEcBAEBAgAGBQJMolHDAAoJEOQyeO71nYtFv74H/3OgehDGEy1VXp2U3/GcAobg
HH2eZjPUz53r38ARPiU3pzm9LwDa3WZgJJaa/b9VrJwKvbPwe9+0kY3gScDE1skT
ladHt+KHHmGQArEutkzHlpZa73RbroFEIa1qmN6MaDEHGoxZqDh0Sv2cpvOaVYGO
St8ZaddLBPC17bSjAPWo9sWbvL7FgPFOHhnPmbeux8SLtnfWxXWsgo5hLBanKmO1
1z+I/w/6DL6ZYZU6bAJUk+eyVVImJqw0x3IEElI07Nh9MC6BA4iJ77ejobj8HI2r
q9ulRPEqH9NR79619lNKVUkE206dVlXo7xHmJS1QZy5v/GT66xBxyDVfTduPFXk=
=oP+v
-----END PGP SIGNATURE-----

  </version>
</log>
<log realm="Q2.system" at="2024-05-30T09:46:39.225440" lifespan="14ms">
  <info>
    deploy: /Users/ayooluwa.olosunde/Documents/tranctiontest/deploy/10_channel.xml
  </info>
</log>
<log realm="Q2.system" at="2024-05-30T09:46:39.247664" lifespan="21ms">
  <info>
    deploy: /Users/ayooluwa.olosunde/Documents/tranctiontest/deploy/20_qmux.xml
  </info>
</log>
<log realm="Q2.system" at="2024-05-30T09:46:39.267581" lifespan="18ms">
  <info>
    deploy: /Users/ayooluwa.olosunde/Documents/tranctiontest/deploy/30_transaction_manager.xml
  </info>
</log>
<log realm="Q2.system" at="2024-05-30T09:46:39.278651" lifespan="10ms">
  <info>
    deploy: /Users/ayooluwa.olosunde/Documents/tranctiontest/deploy/50_server_simulator.xml
  </info>
</log>
<log realm="org.jpos.transaction.TransactionManager" at="2024-05-30T09:46:39.360674">
  <info>
    start Thread[Thread-6,5,main]
  </info>
</log>
<log realm="org.jpos.transaction.TransactionManager" at="2024-05-30T09:46:39.361181">
  <info>
    start Thread[Thread-7,5,main]
  </info>
</log>
<log realm="org.jpos.transaction.TransactionManager" at="2024-05-30T09:46:39.361509">
  <info>
    start Thread[Thread-8,5,main]
  </info>
</log>
<log realm="org.jpos.transaction.TransactionManager" at="2024-05-30T09:46:39.361604">
  <info>
    start Thread[Thread-9,5,main]
  </info>
</log>
<log realm="com.lovisgod.tranctiontest-9009.server" at="2024-05-30T09:46:39.401236">
  <iso-server>
    listening on port 9009
  </iso-server>
</log>
<log realm="com.lovisgod.tranctiontest.services.myQbean" at="2024-05-30T09:47:10.227560">
  <info>
    mux.isConnected {}
    false
  </info>
</log>
<log realm="postbridge-channel" at="2024-05-30T09:47:54.470357" lifespan="75111ms">
  <connect>
    Try 0 172.26.42.206:15155
      Operation timed out
    Unable to connect
  </connect>
</log>
<log realm="Q2.system" at="2024-05-30T09:48:15.965894">
  <info>
    shutting down (hook)
  </info>
</log>
<log realm="Q2.system" at="2024-05-30T09:48:16.032298">
  <info>
    shutting down
  </info>
</log>
<log realm="Q2.system" at="2024-05-30T09:48:16.033083">
  <trace>
    undeploying:/Users/ayooluwa.olosunde/Documents/tranctiontest/deploy/50_server_simulator.xml
  </trace>
</log>
<log realm="com.lovisgod.tranctiontest-9009.pool" at="2024-05-30T09:48:16.036829">
  <queue-closed/>
</log>
<log realm="Q2.system" at="2024-05-30T09:48:16.037556">
  <info>
    undeployed:/Users/ayooluwa.olosunde/Documents/tranctiontest/deploy/50_server_simulator.xml
  </info>
</log>
<log realm="Q2.system" at="2024-05-30T09:48:16.037921">
  <trace>
    undeploying:/Users/ayooluwa.olosunde/Documents/tranctiontest/deploy/30_transaction_manager.xml
  </trace>
</log>
<log realm="org.jpos.transaction.TransactionManager" at="2024-05-30T09:48:16.040023">
  <info>
    stop Thread[txnmgr-2:idle,5,main], active sessions=3
  </info>
</log>
<log realm="org.jpos.transaction.TransactionManager" at="2024-05-30T09:48:16.041042">
  <info>
    stop Thread[txnmgr-3:idle,5,main], active sessions=0
  </info>
</log>
<log realm="org.jpos.transaction.TransactionManager" at="2024-05-30T09:48:16.041185" lifespan="1ms">
  <info>
    stop Thread[txnmgr-0:idle,5,main], active sessions=1
  </info>
</log>
<log realm="org.jpos.transaction.TransactionManager" at="2024-05-30T09:48:16.041895" lifespan="1ms">
  <info>
    stop Thread[txnmgr-1:idle,5,main], active sessions=2
  </info>
</log>
<log realm="Q2.system" at="2024-05-30T09:48:16.043177">
  <info>
    undeployed:/Users/ayooluwa.olosunde/Documents/tranctiontest/deploy/30_transaction_manager.xml
  </info>
</log>
<log realm="Q2.system" at="2024-05-30T09:48:16.043344">
  <trace>
    undeploying:/Users/ayooluwa.olosunde/Documents/tranctiontest/deploy/20_qmux.xml
  </trace>
</log>
<log realm="Q2.system" at="2024-05-30T09:48:16.043794">
  <info>
    undeployed:/Users/ayooluwa.olosunde/Documents/tranctiontest/deploy/20_qmux.xml
  </info>
</log>
<log realm="Q2.system" at="2024-05-30T09:48:16.043912">
  <trace>
    undeploying:/Users/ayooluwa.olosunde/Documents/tranctiontest/deploy/10_channel.xml
  </trace>
</log>
<log realm="Q2.system" at="2024-05-30T09:48:16.044155">
  <info>
    undeployed:/Users/ayooluwa.olosunde/Documents/tranctiontest/deploy/10_channel.xml
  </info>
</log>
<log realm="Q2.system" at="2024-05-30T09:48:16.044284">
  <trace>
    undeploying:/Users/ayooluwa.olosunde/Documents/tranctiontest/deploy/00_logger.xml
  </trace>
</log>
</logger>
